---
source: crates/plumb-format/tests/format_snapshots.rs
expression: structured
---
{
  "counts": {
    "error": 0,
    "info": 0,
    "total": 1,
    "warning": 1
  },
  "violations": [
    {
      "doc_url": "https://plumb.dev/rules/placeholder-hello-world",
      "dom_order": 2,
      "fix": {
        "confidence": "medium",
        "description": "Snap `body` padding to the nearest spacing token (16px).",
        "kind": {
          "from": "13px",
          "kind": "css_property_replace",
          "property": "padding",
          "to": "16px"
        }
      },
      "message": "`body` has off-scale padding 13px; expected a value from the spacing token set.",
      "rect": {
        "height": 800,
        "width": 1280,
        "x": 0,
        "y": 0
      },
      "rule_id": "placeholder/hello-world",
      "selector": "html > body",
      "severity": "warning",
      "viewport": "desktop"
    }
  ]
}
