---
source: crates/plumb-format/tests/format_snapshots.rs
expression: out
---
{
  "$schema": "https://json.schemastore.org/sarif-2.1.0.json",
  "version": "2.1.0",
  "runs": [
    {
      "tool": {
        "driver": {
          "name": "plumb",
          "informationUri": "https://plumb.aramhammoudeh.com",
          "rules": []
        }
      },
      "results": [
        {
          "ruleId": "spacing/grid-conformance",
          "level": "warning",
          "message": {
            "text": "`html > body` has off-grid padding-top 13px; expected a multiple of 4px."
          },
          "locations": [
            {
              "logicalLocations": [
                {
                  "fullyQualifiedName": "html > body",
                  "kind": "element"
                }
              ],
              "properties": {
                "viewport": "desktop",
                "domOrder": 2
              }
            }
          ],
          "properties": {
            "docUrl": "https://plumb.aramhammoudeh.com/rules/spacing-grid-conformance"
          }
        }
      ]
    }
  ]
}
