---
source: crates/plumb-format/tests/format_snapshots.rs
expression: pretty(&fixture())
---
warning placeholder/hello-world
         at html > body [desktop]
         `body` has off-scale padding 13px; expected a value from the spacing token set.
         fix: Snap `body` padding to the nearest spacing token (16px).
         docs: https://plumb.aramhammoudeh.com/rules/placeholder-hello-world

1 violations (0 error, 1 warning, 0 info)
