---
source: crates/plumb-cli/tests/init_from.rs
assertion_line: 124
expression: redacted
---
# Plumb configuration — bootstrapped by `plumb init --from <path>` from the sources below.
#
# - tailwind: tailwind.config.js
# - css: src/styles/tokens.css
#
# Tailwind config detected. Resolved theme tokens are included when available —
# edit the inferred values below if your project overrides them elsewhere.

[color]
delta_e_tolerance = 2.0

[color.tokens]
color-accent = "#0b7285"
color-bg = "#ffffff"
color-fg = "#0b0b0b"

[radius]
scale = [
    4,
    8,
]

[spacing]
base_unit = 4
scale = [
    2,
    4,
    6,
    8,
    16,
]

[spacing.tokens]
"0.5" = 2
"1.5" = 6
space-md = 16
space-sm = 8
space-xs = 4
